 Container studentappbackend-db-1 Running 
